{"synthetic": false,
 "schemaVersion": "2025-09-10",
 "outputs":
 {"o": ["c768fafda3fc7ec9.olean"],
  "m": false,
  "i": "ad5cfc3a26bcaa12.ilean",
  "c": "b7452a6547b38607.c"},
 "log":
 [{"message":
   ".> LEAN_PATH=/Users/stephenyang/Desktop/Parfin/research/Enygma/enygma_retail_payments/formal/.lake/build/lib/lean /Users/stephenyang/.elan/toolchains/leanprover--lean4---v4.31.0/bin/lean /Users/stephenyang/Desktop/Parfin/research/Enygma/enygma_retail_payments/formal/Enygma/Circuit.lean -o /Users/stephenyang/Desktop/Parfin/research/Enygma/enygma_retail_payments/formal/.lake/build/lib/lean/Enygma/Circuit.olean -i /Users/stephenyang/Desktop/Parfin/research/Enygma/enygma_retail_payments/formal/.lake/build/lib/lean/Enygma/Circuit.ilean -c /Users/stephenyang/Desktop/Parfin/research/Enygma/enygma_retail_payments/formal/.lake/build/ir/Enygma/Circuit.c --setup /Users/stephenyang/Desktop/Parfin/research/Enygma/enygma_retail_payments/formal/.lake/build/ir/Enygma/Circuit.setup.json --json",
   "level": "trace"}],
 "inputs":
 [["Enygma.Circuit:deps",
   [["deps",
     [["EnygmaFormal/Enygma:extraDep",
       [["@EnygmaFormal:extraDep", "00000000000006bb"]]],
      ["imports",
       [["Enygma.Hash transitive imports (legacy)", "00000000000006bb"],
        ["Enygma.Hash:importAllArts", "bd566b793cf0d6d3"],
        ["Enygma.Commitment transitive imports (legacy)", "4d16109eaeee5dce"],
        ["Enygma.Commitment:importAllArts", "a540296c5c9303cc"],
        ["Enygma.Nullifier transitive imports (legacy)", "4d16109eaeee5dce"],
        ["Enygma.Nullifier:importAllArts", "0d0663899c4ec0e4"],
        ["Enygma.MerkleTree transitive imports (legacy)", "4d16109eaeee5dce"],
        ["Enygma.MerkleTree:importAllArts", "c5bf6f8af81514c0"]]]]],
    ["libs",
     [["import dynlibs", "00000000000006bb"],
      ["package external libraries", "00000000000006bb"],
      ["module dynlibs", "00000000000006bb"],
      ["module plugins", "00000000000006bb"]]]]],
  ["Lean 4.31.0, commit 68218e876d2a38b1985b8590fff244a83c321783",
   "fc45ac412f28501c"],
  ["/Users/stephenyang/Desktop/Parfin/research/Enygma/enygma_retail_payments/formal/Enygma/Circuit.lean",
   "4cbf8931f1e7f6fe"],
  ["options", "00000000000006bb"],
  ["isModule: false", "feefd2a0d3a1847e"],
  ["Module.name: Enygma.Circuit", "738e6def12499fe0"],
  ["Package.id?: (some EnygmaFormal)", "49ff6380ea72e9f5"],
  ["Module.leanArgs: #[]", "00000000000006bb"]],
 "depHash": "54e8b76626dad402"}