{"synthetic": false,
 "schemaVersion": "2025-09-10",
 "outputs":
 {"o": ["56ae28f00ad05d33.olean"],
  "m": false,
  "i": "6a6dc1fa9057c80d.ilean",
  "c": "a03ff3e9658ba242.c"},
 "log":
 [{"message":
   ".> LEAN_PATH=/Users/stephenyang/Desktop/Parfin/research/Enygma/enygma_retail_payments/formal/.lake/build/lib/lean /Users/stephenyang/.elan/toolchains/leanprover--lean4---v4.31.0/bin/lean /Users/stephenyang/Desktop/Parfin/research/Enygma/enygma_retail_payments/formal/Enygma/Commitment.lean -o /Users/stephenyang/Desktop/Parfin/research/Enygma/enygma_retail_payments/formal/.lake/build/lib/lean/Enygma/Commitment.olean -i /Users/stephenyang/Desktop/Parfin/research/Enygma/enygma_retail_payments/formal/.lake/build/lib/lean/Enygma/Commitment.ilean -c /Users/stephenyang/Desktop/Parfin/research/Enygma/enygma_retail_payments/formal/.lake/build/ir/Enygma/Commitment.c --setup /Users/stephenyang/Desktop/Parfin/research/Enygma/enygma_retail_payments/formal/.lake/build/ir/Enygma/Commitment.setup.json --json",
   "level": "trace"}],
 "inputs":
 [["Enygma.Commitment:deps",
   [["deps",
     [["EnygmaFormal/Enygma:extraDep",
       [["@EnygmaFormal:extraDep", "00000000000006bb"]]],
      ["imports",
       [["Enygma.Hash transitive imports (legacy)", "00000000000006bb"],
        ["Enygma.Hash:importAllArts", "bd566b793cf0d6d3"]]]]],
    ["libs",
     [["import dynlibs", "00000000000006bb"],
      ["package external libraries", "00000000000006bb"],
      ["module dynlibs", "00000000000006bb"],
      ["module plugins", "00000000000006bb"]]]]],
  ["Lean 4.31.0, commit 68218e876d2a38b1985b8590fff244a83c321783",
   "fc45ac412f28501c"],
  ["/Users/stephenyang/Desktop/Parfin/research/Enygma/enygma_retail_payments/formal/Enygma/Commitment.lean",
   "92346db396a91ed3"],
  ["options", "00000000000006bb"],
  ["isModule: false", "feefd2a0d3a1847e"],
  ["Module.name: Enygma.Commitment", "c3f8d23f6c9d1dab"],
  ["Package.id?: (some EnygmaFormal)", "49ff6380ea72e9f5"],
  ["Module.leanArgs: #[]", "00000000000006bb"]],
 "depHash": "d00a99faa60880ad"}