{"synthetic": false,
 "schemaVersion": "2025-09-10",
 "outputs":
 {"o": ["4a3118acdc244343.olean"],
  "m": false,
  "i": "48a56809bf546215.ilean",
  "c": "89bea674dfcb54cf.c"},
 "log":
 [{"message":
   ".> LEAN_PATH=/Users/stephenyang/Desktop/Parfin/research/Enygma/enygma_retail_payments/formal/.lake/build/lib/lean /Users/stephenyang/.elan/toolchains/leanprover--lean4---v4.31.0/bin/lean /Users/stephenyang/Desktop/Parfin/research/Enygma/enygma_retail_payments/formal/Enygma/MerkleTree.lean -o /Users/stephenyang/Desktop/Parfin/research/Enygma/enygma_retail_payments/formal/.lake/build/lib/lean/Enygma/MerkleTree.olean -i /Users/stephenyang/Desktop/Parfin/research/Enygma/enygma_retail_payments/formal/.lake/build/lib/lean/Enygma/MerkleTree.ilean -c /Users/stephenyang/Desktop/Parfin/research/Enygma/enygma_retail_payments/formal/.lake/build/ir/Enygma/MerkleTree.c --setup /Users/stephenyang/Desktop/Parfin/research/Enygma/enygma_retail_payments/formal/.lake/build/ir/Enygma/MerkleTree.setup.json --json",
   "level": "trace"},
  {"message": "Enygma/MerkleTree.lean:88:8: declaration uses `sorry`",
   "level": "warning"}],
 "inputs":
 [["Enygma.MerkleTree:deps",
   [["deps",
     [["EnygmaFormal/Enygma:extraDep",
       [["@EnygmaFormal:extraDep", "00000000000006bb"]]],
      ["imports",
       [["Enygma.Hash transitive imports (legacy)", "00000000000006bb"],
        ["Enygma.Hash:importAllArts", "bd566b793cf0d6d3"]]]]],
    ["libs",
     [["import dynlibs", "00000000000006bb"],
      ["package external libraries", "00000000000006bb"],
      ["module dynlibs", "00000000000006bb"],
      ["module plugins", "00000000000006bb"]]]]],
  ["Lean 4.31.0, commit 68218e876d2a38b1985b8590fff244a83c321783",
   "fc45ac412f28501c"],
  ["/Users/stephenyang/Desktop/Parfin/research/Enygma/enygma_retail_payments/formal/Enygma/MerkleTree.lean",
   "c8839c55d691e6b3"],
  ["options", "00000000000006bb"],
  ["isModule: false", "feefd2a0d3a1847e"],
  ["Module.name: Enygma.MerkleTree", "1b07d86028f3cfa8"],
  ["Package.id?: (some EnygmaFormal)", "49ff6380ea72e9f5"],
  ["Module.leanArgs: #[]", "00000000000006bb"]],
 "depHash": "9a9dc01e56141831"}