{"synthetic": false,
 "schemaVersion": "2025-09-10",
 "outputs":
 {"o": ["c994d0f61bc9a017.olean"],
  "m": false,
  "i": "c41012f471b9d27e.ilean",
  "c": "2e9a76ca95786785.c"},
 "log":
 [{"message":
   ".> LEAN_PATH=/Users/stephenyang/Desktop/Parfin/research/Enygma/enygma_retail_payments/formal/.lake/build/lib/lean /Users/stephenyang/.elan/toolchains/leanprover--lean4---v4.31.0/bin/lean /Users/stephenyang/Desktop/Parfin/research/Enygma/enygma_retail_payments/formal/Enygma/Nullifier.lean -o /Users/stephenyang/Desktop/Parfin/research/Enygma/enygma_retail_payments/formal/.lake/build/lib/lean/Enygma/Nullifier.olean -i /Users/stephenyang/Desktop/Parfin/research/Enygma/enygma_retail_payments/formal/.lake/build/lib/lean/Enygma/Nullifier.ilean -c /Users/stephenyang/Desktop/Parfin/research/Enygma/enygma_retail_payments/formal/.lake/build/ir/Enygma/Nullifier.c --setup /Users/stephenyang/Desktop/Parfin/research/Enygma/enygma_retail_payments/formal/.lake/build/ir/Enygma/Nullifier.setup.json --json",
   "level": "trace"}],
 "inputs":
 [["Enygma.Nullifier:deps",
   [["deps",
     [["EnygmaFormal/Enygma:extraDep",
       [["@EnygmaFormal:extraDep", "00000000000006bb"]]],
      ["imports",
       [["Enygma.Hash transitive imports (legacy)", "00000000000006bb"],
        ["Enygma.Hash:importAllArts", "bd566b793cf0d6d3"]]]]],
    ["libs",
     [["import dynlibs", "00000000000006bb"],
      ["package external libraries", "00000000000006bb"],
      ["module dynlibs", "00000000000006bb"],
      ["module plugins", "00000000000006bb"]]]]],
  ["Lean 4.31.0, commit 68218e876d2a38b1985b8590fff244a83c321783",
   "fc45ac412f28501c"],
  ["/Users/stephenyang/Desktop/Parfin/research/Enygma/enygma_retail_payments/formal/Enygma/Nullifier.lean",
   "9ee654bc26ddb495"],
  ["options", "00000000000006bb"],
  ["isModule: false", "feefd2a0d3a1847e"],
  ["Module.name: Enygma.Nullifier", "9e30c6965dd9fd87"],
  ["Package.id?: (some EnygmaFormal)", "49ff6380ea72e9f5"],
  ["Module.leanArgs: #[]", "00000000000006bb"]],
 "depHash": "00746037842420d1"}