{"synthetic": false,
 "schemaVersion": "2025-09-10",
 "outputs":
 {"o": ["12af0ed748927562.olean"],
  "m": false,
  "i": "078b7eb7ecd50caf.ilean",
  "c": "58dbd8202d328e54.c"},
 "log":
 [{"message":
   ".> LEAN_PATH=/Users/stephenyang/Desktop/Parfin/research/Enygma/enygma_retail_payments/formal/.lake/build/lib/lean /Users/stephenyang/.elan/toolchains/leanprover--lean4---v4.31.0/bin/lean /Users/stephenyang/Desktop/Parfin/research/Enygma/enygma_retail_payments/formal/Enygma.lean -o /Users/stephenyang/Desktop/Parfin/research/Enygma/enygma_retail_payments/formal/.lake/build/lib/lean/Enygma.olean -i /Users/stephenyang/Desktop/Parfin/research/Enygma/enygma_retail_payments/formal/.lake/build/lib/lean/Enygma.ilean -c /Users/stephenyang/Desktop/Parfin/research/Enygma/enygma_retail_payments/formal/.lake/build/ir/Enygma.c --setup /Users/stephenyang/Desktop/Parfin/research/Enygma/enygma_retail_payments/formal/.lake/build/ir/Enygma.setup.json --json",
   "level": "trace"}],
 "inputs":
 [["Enygma:deps",
   [["deps",
     [["EnygmaFormal/Enygma:extraDep",
       [["@EnygmaFormal:extraDep", "00000000000006bb"]]],
      ["imports",
       [["Enygma.Hash transitive imports (legacy)", "00000000000006bb"],
        ["Enygma.Hash:importAllArts", "bd566b793cf0d6d3"],
        ["Enygma.Commitment transitive imports (legacy)", "4d16109eaeee5dce"],
        ["Enygma.Commitment:importAllArts", "a540296c5c9303cc"],
        ["Enygma.Nullifier transitive imports (legacy)", "4d16109eaeee5dce"],
        ["Enygma.Nullifier:importAllArts", "0d0663899c4ec0e4"],
        ["Enygma.MerkleTree transitive imports (legacy)", "4d16109eaeee5dce"],
        ["Enygma.MerkleTree:importAllArts", "c5bf6f8af81514c0"],
        ["Enygma.Circuit transitive imports (legacy)", "e6106aded6663cbb"],
        ["Enygma.Circuit:importAllArts", "7c2fe401ddcd8f9b"],
        ["Enygma.Soundness transitive imports (legacy)", "8c3ac086f6194a1f"],
        ["Enygma.Soundness:importAllArts", "259c26568831e00d"]]]]],
    ["libs",
     [["import dynlibs", "00000000000006bb"],
      ["package external libraries", "00000000000006bb"],
      ["module dynlibs", "00000000000006bb"],
      ["module plugins", "00000000000006bb"]]]]],
  ["Lean 4.31.0, commit 68218e876d2a38b1985b8590fff244a83c321783",
   "fc45ac412f28501c"],
  ["/Users/stephenyang/Desktop/Parfin/research/Enygma/enygma_retail_payments/formal/Enygma.lean",
   "c0796d74472f2cc7"],
  ["options", "00000000000006bb"],
  ["isModule: false", "feefd2a0d3a1847e"],
  ["Module.name: Enygma", "8f247c48d2c07121"],
  ["Package.id?: (some EnygmaFormal)", "49ff6380ea72e9f5"],
  ["Module.leanArgs: #[]", "00000000000006bb"]],
 "depHash": "cc0b39682adfcd59"}